// Vitest Snapshot v1, https://vitest.dev/guide/snapshot.html

exports[`should render correctly 1`] = `
<DocumentFragment>
  <div
    class="css-1tuc0ka"
  >
    <div
      class="css-1ko0yef"
    >
      <p
        class="chakra-text css-1if5ezo"
        data-testid="email-address"
        name="asd@fs.te"
      >
        asd@fs.te
      </p>
      <button
        aria-label=""
        class="chakra-button css-13sbi5o"
        data-testid="copy-address"
        type="button"
      >
        <svg
          aria-hidden="true"
          class="chakra-icon css-onkibi"
          focusable="false"
          viewBox="0 0 24 24"
        >
          <path
            d="M16 1H4c-1.1 0-2 .9-2 2v14h2V3h12V1zm3 4H8c-1.1 0-2 .9-2 2v14c0 1.1.9 2 2 2h11c1.1 0 2-.9 2-2V7c0-1.1-.9-2-2-2zm0 16H8V7h11v14z"
            fill="currentColor"
          />
        </svg>
      </button>
    </div>
  </div>
  <span
    hidden=""
    id="__chakra_env"
  />
</DocumentFragment>
`;
