// Vitest Snapshot v1, https://vitest.dev/guide/snapshot.html

exports[`should render correctly 1`] = `
<DocumentFragment>
  <div
    class="css-1blblq8"
  >
    <p
      class="chakra-text css-1tapsqs"
      data-testid="email-address"
      name="asd@fs.te"
    >
      asd@fs.te
    </p>
    <div
      class="chakra-stack css-84zodg"
    >
      <button
        aria-label=""
        class="chakra-button css-p7mkev"
        data-testid="copy-address"
        type="button"
      >
        <svg
          aria-hidden="true"
          class="chakra-icon css-onkibi"
          focusable="false"
          viewBox="0 0 24 24"
        >
          <path
            d="M16 1H4c-1.1 0-2 .9-2 2v14h2V3h12V1zm3 4H8c-1.1 0-2 .9-2 2v14c0 1.1.9 2 2 2h11c1.1 0 2-.9 2-2V7c0-1.1-.9-2-2-2zm0 16H8V7h11v14z"
            fill="currentColor"
          />
        </svg>
      </button>
      <button
        aria-label=""
        class="chakra-button css-p7mkev"
        data-testid="delete-address"
        type="button"
      >
        <svg
          aria-hidden="true"
          class="chakra-icon css-onkibi"
          focusable="false"
          viewBox="0 0 24 24"
        >
          <g
            fill="currentColor"
          >
            <path
              d="M19.452 7.5H4.547a.5.5 0 00-.5.545l1.287 14.136A2 2 0 007.326 24h9.347a2 2 0 001.992-1.819L19.95 8.045a.5.5 0 00-.129-.382.5.5 0 00-.369-.163zm-9.2 13a.75.75 0 01-1.5 0v-9a.75.75 0 011.5 0zm5 0a.75.75 0 01-1.5 0v-9a.75.75 0 011.5 0zM22 4h-4.75a.25.25 0 01-.25-.25V2.5A2.5 2.5 0 0014.5 0h-5A2.5 2.5 0 007 2.5v1.25a.25.25 0 01-.25.25H2a1 1 0 000 2h20a1 1 0 000-2zM9 3.75V2.5a.5.5 0 01.5-.5h5a.5.5 0 01.5.5v1.25a.25.25 0 01-.25.25h-5.5A.25.25 0 019 3.75z"
            />
          </g>
        </svg>
      </button>
      <span
        class="css-x780zy"
        count="2"
        data-testid="email-count"
      >
        2
      </span>
      <span
        class="css-isuppp"
      >
        <b
          class="chakra-text css-0"
          data-testid="timer"
        />
      </span>
    </div>
  </div>
</DocumentFragment>
`;
