// Vitest Snapshot v1, https://vitest.dev/guide/snapshot.html

exports[`should render correctly 1`] = `
<DocumentFragment>
  <div
    class="css-1kkt86i"
    data-testid="inbox-wrapper"
  >
    <h2
      class="chakra-heading css-0"
    >
      <div
        class="css-vffflp"
      >
        <p
          class="chakra-text css-9j8q24"
        >
          Inbox
        </p>
        <span
          class="css-x780zy"
          data-testid="inbox-emails-count"
        />
      </div>
    </h2>
    <div
      class="chakra-card css-f2v14d"
    >
      <div
        class="chakra-card__header css-0"
      >
        <div
          class="css-1sfjx12"
        >
          <h2
            class="chakra-heading css-0"
          >
            No Emails Yet!
          </h2>
          <div
            class="css-0"
          >
            <div
              class="chakra-spinner css-1y7joxr"
            >
              <span
                class="css-8b45rq"
              >
                Loading...
              </span>
            </div>
          </div>
        </div>
      </div>
      <div
        class="chakra-card__body css-1b4abyo"
      >
        <div
          class="css-3xr8nw"
        >
          <div
            class="css-dvxtzn"
          >
            <p
              class="chakra-text css-n2bes8"
            >
              📨
            </p>
            <b
              class="chakra-text css-hz05j"
            >
              Your inbox is empty.
            </b>
          </div>
          <div
            class="chakra-accordion css-8atqhb"
            data-testid="inbox-body"
          />
        </div>
      </div>
    </div>
  </div>
</DocumentFragment>
`;
